â•”â•â•â•â•â•â•â•â•â•â•â•â•â•â•â•â•â•â•â•â•â•â•â•â•â•â•â•â•â•â•â•â•â•â•â•â•â•â•â•â•â•â•â•â•â•â•â•â•â•â•â•â•â•â•â•â•â•â•â•â•â•â•â•—
â•‘                    ğŸš€ QUICK START GUIDE                      â•‘
â•‘              New Features Implementation                     â•‘
â•šâ•â•â•â•â•â•â•â•â•â•â•â•â•â•â•â•â•â•â•â•â•â•â•â•â•â•â•â•â•â•â•â•â•â•â•â•â•â•â•â•â•â•â•â•â•â•â•â•â•â•â•â•â•â•â•â•â•â•â•â•â•â•â•

ğŸ“¦ WHAT'S NEW:
â”â”â”â”â”â”â”â”â”â”â”â”â”â”â”â”â”â”â”â”â”â”â”â”â”â”â”â”â”â”â”â”â”â”â”â”â”â”â”â”â”â”â”â”â”â”â”â”â”â”â”â”â”â”â”â”â”â”â”â”
âœ… Role-Based Dashboards (Teacher & Student)
âœ… FREE Unlimited Video Calls (Jitsi Meet)
âœ… Private 1-on-1 Messaging
âœ… Email Invitations
âœ… Enhanced Study Groups
âœ… Dark Mode Header (Already Applied!)

ğŸ¯ INSTALLATION (2 MINUTES):
â”â”â”â”â”â”â”â”â”â”â”â”â”â”â”â”â”â”â”â”â”â”â”â”â”â”â”â”â”â”â”â”â”â”â”â”â”â”â”â”â”â”â”â”â”â”â”â”â”â”â”â”â”â”â”â”â”â”â”â”

Option 1: Automated
$ ./setup-new-features.sh

Option 2: Manual
$ cd backend
$ npm install nodemailer
$ # Configure backend/.env (see below)

ğŸ“ ENVIRONMENT SETUP:
â”â”â”â”â”â”â”â”â”â”â”â”â”â”â”â”â”â”â”â”â”â”â”â”â”â”â”â”â”â”â”â”â”â”â”â”â”â”â”â”â”â”â”â”â”â”â”â”â”â”â”â”â”â”â”â”â”â”â”â”

Add to backend/.env:

# Email (Optional - for invitations)
EMAIL_HOST=smtp.gmail.com
EMAIL_PORT=587
EMAIL_USER=your_email@gmail.com
EMAIL_PASS=your_gmail_app_password

FRONTEND_URL=http://localhost:3000

ğŸ”Œ ADD ROUTES:
â”â”â”â”â”â”â”â”â”â”â”â”â”â”â”â”â”â”â”â”â”â”â”â”â”â”â”â”â”â”â”â”â”â”â”â”â”â”â”â”â”â”â”â”â”â”â”â”â”â”â”â”â”â”â”â”â”â”â”â”

In your frontend/src/App.tsx:

import { TeacherDashboard } from './components/dashboard/TeacherDashboard';
import { StudentDashboard } from './components/dashboard/StudentDashboard';
import { VideoCallRoom } from './components/video/VideoCallRoom';
import { PrivateMessaging } from './components/messaging/PrivateMessaging';
import { EnhancedStudyGroupsPage } from './components/study-groups/EnhancedStudyGroupsPage';

// Add these routes:
<Route path="/dashboard" element={
  user?.role === 'teacher' ? <TeacherDashboard /> : <StudentDashboard />
} />
<Route path="/video-call/:roomId" element={<VideoCallRoom />} />
<Route path="/messages" element={<PrivateMessaging />} />
<Route path="/study-groups" element={<EnhancedStudyGroupsPage />} />

ğŸš€ START SERVERS:
â”â”â”â”â”â”â”â”â”â”â”â”â”â”â”â”â”â”â”â”â”â”â”â”â”â”â”â”â”â”â”â”â”â”â”â”â”â”â”â”â”â”â”â”â”â”â”â”â”â”â”â”â”â”â”â”â”â”â”â”

Terminal 1:
$ cd backend && npm start

Terminal 2:
$ cd frontend && npm start

ğŸ§ª TEST FEATURES:
â”â”â”â”â”â”â”â”â”â”â”â”â”â”â”â”â”â”â”â”â”â”â”â”â”â”â”â”â”â”â”â”â”â”â”â”â”â”â”â”â”â”â”â”â”â”â”â”â”â”â”â”â”â”â”â”â”â”â”â”

1. Role-Based Dashboard:
   â†’ http://localhost:3000/dashboard
   â†’ Login as teacher to see teacher view
   â†’ Login as student to see student view

2. Video Calls:
   â†’ Go to study groups
   â†’ Click video camera icon ğŸ“¹
   â†’ Instant FREE video call!
   â†’ http://localhost:3000/video-call/test-room

3. Private Messaging:
   â†’ http://localhost:3000/messages
   â†’ Send email invites
   â†’ Real-time chat

4. Study Groups:
   â†’ http://localhost:3000/study-groups
   â†’ Click video icon for calls
   â†’ Click email icon to invite

ğŸ¥ VIDEO PROVIDERS:
â”â”â”â”â”â”â”â”â”â”â”â”â”â”â”â”â”â”â”â”â”â”â”â”â”â”â”â”â”â”â”â”â”â”â”â”â”â”â”â”â”â”â”â”â”â”â”â”â”â”â”â”â”â”â”â”â”â”â”â”

Default: Jitsi Meet (FREE, Unlimited) â­
âœ… No setup required
âœ… Works immediately
âœ… Screen sharing included

Alternative 1: Whereby (FREE up to 4 users)
Alternative 2: Daily.co (1000 min/month FREE)

To switch: Edit VideoCallRoom.tsx line 31

ğŸ“‚ FILES CREATED:
â”â”â”â”â”â”â”â”â”â”â”â”â”â”â”â”â”â”â”â”â”â”â”â”â”â”â”â”â”â”â”â”â”â”â”â”â”â”â”â”â”â”â”â”â”â”â”â”â”â”â”â”â”â”â”â”â”â”â”â”

Frontend Components:
â”œâ”€â”€ components/dashboard/TeacherDashboard.tsx
â”œâ”€â”€ components/dashboard/StudentDashboard.tsx
â”œâ”€â”€ components/video/VideoCallRoom.tsx
â”œâ”€â”€ components/messaging/PrivateMessaging.tsx
â””â”€â”€ components/study-groups/EnhancedStudyGroupsPage.tsx

Backend Routes:
â”œâ”€â”€ routes/messageRoutes.js
â””â”€â”€ routes/invitationRoutes.js

Documentation:
â”œâ”€â”€ IMPLEMENTATION_COMPLETE.md (Full guide)
â”œâ”€â”€ ROLE_BASED_FEATURES.md (Feature details)
â”œâ”€â”€ NEW_FEATURES_SUMMARY.md (This summary)
â””â”€â”€ test-new-features.html (Interactive test page)

âœ¨ KEY FEATURES:
â”â”â”â”â”â”â”â”â”â”â”â”â”â”â”â”â”â”â”â”â”â”â”â”â”â”â”â”â”â”â”â”â”â”â”â”â”â”â”â”â”â”â”â”â”â”â”â”â”â”â”â”â”â”â”â”â”â”â”â”

For Teachers:
â€¢ Class management dashboard
â€¢ Student analytics
â€¢ Grading queue
â€¢ Create content quickly

For Students:
â€¢ Personal progress tracking
â€¢ Study streak gamification
â€¢ Quick access to resources
â€¢ Study goals

For Everyone:
â€¢ FREE unlimited video calls
â€¢ Private messaging
â€¢ Email invitations
â€¢ Dark mode everywhere
â€¢ Real-time updates

ğŸ’¡ PRO TIPS:
â”â”â”â”â”â”â”â”â”â”â”â”â”â”â”â”â”â”â”â”â”â”â”â”â”â”â”â”â”â”â”â”â”â”â”â”â”â”â”â”â”â”â”â”â”â”â”â”â”â”â”â”â”â”â”â”â”â”â”â”

âœ“ Video calls work WITHOUT any API key (using Jitsi)
âœ“ Email is optional - users can share invite links manually
âœ“ Dark mode is already enabled in Header
âœ“ All components support dark mode
âœ“ WebSocket is already configured
âœ“ Mobile responsive out of the box

ğŸ”§ TROUBLESHOOTING:
â”â”â”â”â”â”â”â”â”â”â”â”â”â”â”â”â”â”â”â”â”â”â”â”â”â”â”â”â”â”â”â”â”â”â”â”â”â”â”â”â”â”â”â”â”â”â”â”â”â”â”â”â”â”â”â”â”â”â”â”

Video not working?
â†’ Check browser permissions (camera/microphone)
â†’ Try different browser
â†’ Check console for errors

Messages not sending?
â†’ Verify backend is running
â†’ Check WebSocket connection
â†’ Ensure user is authenticated

Email not sending?
â†’ Use Gmail app password (not regular password)
â†’ Enable 2FA first
â†’ Check spam folder

ğŸ“š MORE HELP:
â”â”â”â”â”â”â”â”â”â”â”â”â”â”â”â”â”â”â”â”â”â”â”â”â”â”â”â”â”â”â”â”â”â”â”â”â”â”â”â”â”â”â”â”â”â”â”â”â”â”â”â”â”â”â”â”â”â”â”â”

Read: IMPLEMENTATION_COMPLETE.md
Test: Open test-new-features.html in browser
Routes: Check frontend/src/routes-config.txt

â•”â•â•â•â•â•â•â•â•â•â•â•â•â•â•â•â•â•â•â•â•â•â•â•â•â•â•â•â•â•â•â•â•â•â•â•â•â•â•â•â•â•â•â•â•â•â•â•â•â•â•â•â•â•â•â•â•â•â•â•â•â•â•â•—
â•‘           ğŸ‰ YOU'RE ALL SET! ENJOY YOUR NEW FEATURES! ğŸ‰    â•‘
â•šâ•â•â•â•â•â•â•â•â•â•â•â•â•â•â•â•â•â•â•â•â•â•â•â•â•â•â•â•â•â•â•â•â•â•â•â•â•â•â•â•â•â•â•â•â•â•â•â•â•â•â•â•â•â•â•â•â•â•â•â•â•â•â•
